[0.025s] Invoking command in '/home/gus/robotica/build/robotics_class': CMAKE_PREFIX_PATH=${CMAKE_PREFIX_PATH}:/opt/ros/humble /usr/bin/cmake --build /home/gus/robotica/build/robotics_class -- -j8 -l8
[0.081s] -- Found ament_cmake: 1.3.12 (/opt/ros/humble/share/ament_cmake/cmake)
[0.410s] -- Override CMake install command with custom implementation using symlinks instead of copying resources
[0.450s] -- Found ament_lint_auto: 0.12.14 (/opt/ros/humble/share/ament_lint_auto/cmake)
[0.708s] -- Added test 'flake8' to check Python code syntax and style conventions
[0.715s] -- Added test 'lint_cmake' to check CMake code style
[0.716s] -- Added test 'pep257' to check Python code against some of the docstring style conventions in PEP 257
[0.734s] -- Added test 'xmllint' to check XML markup files
[0.745s] -- Configuring done
[0.761s] -- Generating done
[0.765s] -- Build files have been written to: /home/gus/robotica/build/robotics_class
[0.811s] Invoked command in '/home/gus/robotica/build/robotics_class' returned '0': CMAKE_PREFIX_PATH=${CMAKE_PREFIX_PATH}:/opt/ros/humble /usr/bin/cmake --build /home/gus/robotica/build/robotics_class -- -j8 -l8
[0.828s] Invoking command in '/home/gus/robotica/build/robotics_class': CMAKE_PREFIX_PATH=${CMAKE_PREFIX_PATH}:/opt/ros/humble /usr/bin/cmake --install /home/gus/robotica/build/robotics_class
[0.843s] -- Install configuration: ""
[0.843s] -- Execute custom install script
[0.844s] -- Up-to-date symlink: /home/gus/robotica/install/robotics_class/share/robotics_class/launch/ekf.launch.py
[0.844s] -- Up-to-date symlink: /home/gus/robotica/install/robotics_class/share/robotics_class/launch/localization.launch.py
[0.844s] -- Up-to-date symlink: /home/gus/robotica/install/robotics_class/share/robotics_class/launch/robot_description.launch.py
[0.844s] -- Up-to-date symlink: /home/gus/robotica/install/robotics_class/share/robotics_class/launch/rviz.launch.py
[0.845s] -- Up-to-date symlink: /home/gus/robotica/install/robotics_class/share/robotics_class/launch/simulation_world.launch.py
[0.845s] -- Up-to-date symlink: /home/gus/robotica/install/robotics_class/share/robotics_class/launch/slam.launch.py
[0.845s] -- Up-to-date symlink: /home/gus/robotica/install/robotics_class/share/robotics_class/urdf/depth_camera.urdf.xacro
[0.845s] -- Up-to-date symlink: /home/gus/robotica/install/robotics_class/share/robotics_class/urdf/imu.urdf.xacro
[0.845s] -- Up-to-date symlink: /home/gus/robotica/install/robotics_class/share/robotics_class/urdf/inertial_matrix.xacro
[0.846s] -- Up-to-date symlink: /home/gus/robotica/install/robotics_class/share/robotics_class/urdf/jetauto.xacro
[0.846s] -- Up-to-date symlink: /home/gus/robotica/install/robotics_class/share/robotics_class/urdf/jetauto_car.urdf.xacro
[0.846s] -- Up-to-date symlink: /home/gus/robotica/install/robotics_class/share/robotics_class/urdf/lidar.urdf.xacro
[0.846s] -- Up-to-date symlink: /home/gus/robotica/install/robotics_class/share/robotics_class/urdf/materials.xacro
[0.846s] -- Up-to-date symlink: /home/gus/robotica/install/robotics_class/share/robotics_class/urdf/p3d_plugin.gazebo.xacro
[0.850s] -- Up-to-date symlink: /home/gus/robotica/install/robotics_class/share/robotics_class/models/base_arena/model.config
[0.850s] -- Up-to-date symlink: /home/gus/robotica/install/robotics_class/share/robotics_class/models/base_arena/model.sdf
[0.850s] -- Up-to-date symlink: /home/gus/robotica/install/robotics_class/share/robotics_class/models/bed/bed_model.stl
[0.850s] -- Up-to-date symlink: /home/gus/robotica/install/robotics_class/share/robotics_class/models/bed/model.config
[0.850s] -- Up-to-date symlink: /home/gus/robotica/install/robotics_class/share/robotics_class/models/bed/model.sdf
[0.851s] -- Up-to-date symlink: /home/gus/robotica/install/robotics_class/share/robotics_class/models/chair_1/materials/scripts/chair_1_cushion.material
[0.851s] -- Up-to-date symlink: /home/gus/robotica/install/robotics_class/share/robotics_class/models/chair_1/materials/scripts/chair_1_frame.material
[0.851s] -- Up-to-date symlink: /home/gus/robotica/install/robotics_class/share/robotics_class/models/chair_1/materials/textures/fabric_1.jpg
[0.851s] -- Up-to-date symlink: /home/gus/robotica/install/robotics_class/share/robotics_class/models/chair_1/materials/textures/wood_black.jpg
[0.851s] -- Up-to-date symlink: /home/gus/robotica/install/robotics_class/share/robotics_class/models/chair_1/materials/textures/wood_black_1.jpg
[0.851s] -- Up-to-date symlink: /home/gus/robotica/install/robotics_class/share/robotics_class/models/chair_1/materials/textures/wood_black_3.png
[0.852s] -- Up-to-date symlink: /home/gus/robotica/install/robotics_class/share/robotics_class/models/chair_1/meshes/cushions.dae
[0.852s] -- Up-to-date symlink: /home/gus/robotica/install/robotics_class/share/robotics_class/models/chair_1/meshes/frame.dae
[0.852s] -- Up-to-date symlink: /home/gus/robotica/install/robotics_class/share/robotics_class/models/chair_1/meshes/model.dae
[0.852s] -- Up-to-date symlink: /home/gus/robotica/install/robotics_class/share/robotics_class/models/chair_1/model.config
[0.852s] -- Up-to-date symlink: /home/gus/robotica/install/robotics_class/share/robotics_class/models/chair_1/model.sdf
[0.852s] -- Up-to-date symlink: /home/gus/robotica/install/robotics_class/share/robotics_class/models/coffee_table_set_1/materials/scripts/coffee_table_set_1_frame.material
[0.852s] -- Up-to-date symlink: /home/gus/robotica/install/robotics_class/share/robotics_class/models/coffee_table_set_1/materials/scripts/coffee_table_set_1_surf.material
[0.852s] -- Up-to-date symlink: /home/gus/robotica/install/robotics_class/share/robotics_class/models/coffee_table_set_1/materials/textures/leather.jpg
[0.853s] -- Up-to-date symlink: /home/gus/robotica/install/robotics_class/share/robotics_class/models/coffee_table_set_1/materials/textures/wood_dark_1.jpg
[0.853s] -- Up-to-date symlink: /home/gus/robotica/install/robotics_class/share/robotics_class/models/coffee_table_set_1/meshes/model.dae
[0.853s] -- Up-to-date symlink: /home/gus/robotica/install/robotics_class/share/robotics_class/models/coffee_table_set_1/meshes/table_large_frame.dae
[0.853s] -- Up-to-date symlink: /home/gus/robotica/install/robotics_class/share/robotics_class/models/coffee_table_set_1/meshes/table_large_full.dae
[0.853s] -- Up-to-date symlink: /home/gus/robotica/install/robotics_class/share/robotics_class/models/coffee_table_set_1/meshes/table_large_mid.dae
[0.853s] -- Up-to-date symlink: /home/gus/robotica/install/robotics_class/share/robotics_class/models/coffee_table_set_1/meshes/table_large_top.dae
[0.854s] -- Up-to-date symlink: /home/gus/robotica/install/robotics_class/share/robotics_class/models/coffee_table_set_1/meshes/tables.dae
[0.854s] -- Up-to-date symlink: /home/gus/robotica/install/robotics_class/share/robotics_class/models/coffee_table_set_1/model.config
[0.854s] -- Up-to-date symlink: /home/gus/robotica/install/robotics_class/share/robotics_class/models/coffee_table_set_1/model.sdf
[0.854s] -- Up-to-date symlink: /home/gus/robotica/install/robotics_class/share/robotics_class/models/file_cabinet_small/materials/scripts/file_black.material
[0.854s] -- Up-to-date symlink: /home/gus/robotica/install/robotics_class/share/robotics_class/models/file_cabinet_small/materials/textures/metal_black_2.jpg
[0.855s] -- Up-to-date symlink: /home/gus/robotica/install/robotics_class/share/robotics_class/models/file_cabinet_small/meshes/model.dae
[0.855s] -- Up-to-date symlink: /home/gus/robotica/install/robotics_class/share/robotics_class/models/file_cabinet_small/model.config
[0.855s] -- Up-to-date symlink: /home/gus/robotica/install/robotics_class/share/robotics_class/models/file_cabinet_small/model.sdf
[0.855s] -- Up-to-date symlink: /home/gus/robotica/install/robotics_class/share/robotics_class/models/jetauto/back_shell_link.stl
[0.856s] -- Up-to-date symlink: /home/gus/robotica/install/robotics_class/share/robotics_class/models/jetauto/base_link.stl
[0.856s] -- Up-to-date symlink: /home/gus/robotica/install/robotics_class/share/robotics_class/models/jetauto/base_link_collision.stl
[0.856s] -- Up-to-date symlink: /home/gus/robotica/install/robotics_class/share/robotics_class/models/jetauto/depth_camera_link.stl
[0.856s] -- Up-to-date symlink: /home/gus/robotica/install/robotics_class/share/robotics_class/models/jetauto/depth_camera_link_collision.stl
[0.857s] -- Up-to-date symlink: /home/gus/robotica/install/robotics_class/share/robotics_class/models/jetauto/lidar_link.stl
[0.857s] -- Up-to-date symlink: /home/gus/robotica/install/robotics_class/share/robotics_class/models/jetauto/mic_link.stl
[0.857s] -- Up-to-date symlink: /home/gus/robotica/install/robotics_class/share/robotics_class/models/jetauto/screen_link.stl
[0.857s] -- Up-to-date symlink: /home/gus/robotica/install/robotics_class/share/robotics_class/models/jetauto/screen_link_collision.stl
[0.858s] -- Up-to-date symlink: /home/gus/robotica/install/robotics_class/share/robotics_class/models/jetauto/speaker_link.stl
[0.858s] -- Up-to-date symlink: /home/gus/robotica/install/robotics_class/share/robotics_class/models/jetauto/wheel_left_back_link.stl
[0.859s] -- Up-to-date symlink: /home/gus/robotica/install/robotics_class/share/robotics_class/models/jetauto/wheel_left_front_link.stl
[0.859s] -- Up-to-date symlink: /home/gus/robotica/install/robotics_class/share/robotics_class/models/jetauto/wheel_right_back_link.stl
[0.859s] -- Up-to-date symlink: /home/gus/robotica/install/robotics_class/share/robotics_class/models/jetauto/wheel_right_front_link.stl
[0.859s] -- Up-to-date symlink: /home/gus/robotica/install/robotics_class/share/robotics_class/models/kitchen_chair/meshes/base.dae
[0.860s] -- Up-to-date symlink: /home/gus/robotica/install/robotics_class/share/robotics_class/models/kitchen_chair/meshes/seat.dae
[0.860s] -- Up-to-date symlink: /home/gus/robotica/install/robotics_class/share/robotics_class/models/kitchen_chair/model.config
[0.860s] -- Up-to-date symlink: /home/gus/robotica/install/robotics_class/share/robotics_class/models/kitchen_chair/model.sdf
[0.860s] -- Up-to-date symlink: /home/gus/robotica/install/robotics_class/share/robotics_class/models/person/model.config
[0.860s] -- Up-to-date symlink: /home/gus/robotica/install/robotics_class/share/robotics_class/models/person/model.sdf
[0.860s] -- Up-to-date symlink: /home/gus/robotica/install/robotics_class/share/robotics_class/models/person/walk.dae
[0.861s] -- Up-to-date symlink: /home/gus/robotica/install/robotics_class/share/robotics_class/models/plant_1_single/meshes/leaf.dae
[0.861s] -- Up-to-date symlink: /home/gus/robotica/install/robotics_class/share/robotics_class/models/plant_1_single/model.config
[0.861s] -- Up-to-date symlink: /home/gus/robotica/install/robotics_class/share/robotics_class/models/plant_1_single/model.sdf
[0.861s] -- Up-to-date symlink: /home/gus/robotica/install/robotics_class/share/robotics_class/models/refrigerator/model.config
[0.861s] -- Up-to-date symlink: /home/gus/robotica/install/robotics_class/share/robotics_class/models/refrigerator/model.sdf
[0.862s] -- Up-to-date symlink: /home/gus/robotica/install/robotics_class/share/robotics_class/models/refrigerator/refrigerator.stl
[0.862s] -- Up-to-date symlink: /home/gus/robotica/install/robotics_class/share/robotics_class/models/sink/model.config
[0.863s] -- Up-to-date symlink: /home/gus/robotica/install/robotics_class/share/robotics_class/models/sink/model.sdf
[0.864s] -- Up-to-date symlink: /home/gus/robotica/install/robotics_class/share/robotics_class/models/sink/sink.stl
[0.865s] -- Up-to-date symlink: /home/gus/robotica/install/robotics_class/share/robotics_class/models/sofa_set_1/materials/scripts/sofa_set_1.material
[0.867s] -- Up-to-date symlink: /home/gus/robotica/install/robotics_class/share/robotics_class/models/sofa_set_1/materials/textures/fabric_black.jpg
[0.868s] -- Up-to-date symlink: /home/gus/robotica/install/robotics_class/share/robotics_class/models/sofa_set_1/meshes/model.dae
[0.868s] -- Up-to-date symlink: /home/gus/robotica/install/robotics_class/share/robotics_class/models/sofa_set_1/meshes/sofa_cushions.dae
[0.868s] -- Up-to-date symlink: /home/gus/robotica/install/robotics_class/share/robotics_class/models/sofa_set_1/meshes/sofa_cushions_back.dae
[0.869s] -- Up-to-date symlink: /home/gus/robotica/install/robotics_class/share/robotics_class/models/sofa_set_1/meshes/sofa_cushions_bot.dae
[0.869s] -- Up-to-date symlink: /home/gus/robotica/install/robotics_class/share/robotics_class/models/sofa_set_1/meshes/sofa_cushions_sides.dae
[0.869s] -- Up-to-date symlink: /home/gus/robotica/install/robotics_class/share/robotics_class/models/sofa_set_1/meshes/sofa_frame.dae
[0.869s] -- Up-to-date symlink: /home/gus/robotica/install/robotics_class/share/robotics_class/models/sofa_set_1/meshes/sofa_full.dae
[0.869s] -- Up-to-date symlink: /home/gus/robotica/install/robotics_class/share/robotics_class/models/sofa_set_1/model.config
[0.869s] -- Up-to-date symlink: /home/gus/robotica/install/robotics_class/share/robotics_class/models/sofa_set_1/model.sdf
[0.869s] -- Up-to-date symlink: /home/gus/robotica/install/robotics_class/share/robotics_class/models/stove/model.config
[0.870s] -- Up-to-date symlink: /home/gus/robotica/install/robotics_class/share/robotics_class/models/stove/model.sdf
[0.870s] -- Up-to-date symlink: /home/gus/robotica/install/robotics_class/share/robotics_class/models/stove/stove.stl
[0.871s] -- Up-to-date symlink: /home/gus/robotica/install/robotics_class/share/robotics_class/models/table/model.config
[0.871s] -- Up-to-date symlink: /home/gus/robotica/install/robotics_class/share/robotics_class/models/table/model.sdf
[0.871s] -- Up-to-date symlink: /home/gus/robotica/install/robotics_class/share/robotics_class/models/table_breakfast/meshes/table3.dae
[0.871s] -- Up-to-date symlink: /home/gus/robotica/install/robotics_class/share/robotics_class/models/table_breakfast/model.config
[0.871s] -- Up-to-date symlink: /home/gus/robotica/install/robotics_class/share/robotics_class/models/table_breakfast/model.sdf
[0.872s] -- Up-to-date symlink: /home/gus/robotica/install/robotics_class/share/robotics_class/models/table_dining/materials/scripts/dining_table.material
[0.872s] -- Up-to-date symlink: /home/gus/robotica/install/robotics_class/share/robotics_class/models/table_dining/materials/textures/wood_black.jpg
[0.872s] -- Up-to-date symlink: /home/gus/robotica/install/robotics_class/share/robotics_class/models/table_dining/materials/textures/wood_black_1.jpg
[0.872s] -- Up-to-date symlink: /home/gus/robotica/install/robotics_class/share/robotics_class/models/table_dining/materials/textures/wood_black_3.png
[0.872s] -- Up-to-date symlink: /home/gus/robotica/install/robotics_class/share/robotics_class/models/table_dining/meshes/table2.dae
[0.873s] -- Up-to-date symlink: /home/gus/robotica/install/robotics_class/share/robotics_class/models/table_dining/model.config
[0.873s] -- Up-to-date symlink: /home/gus/robotica/install/robotics_class/share/robotics_class/models/table_dining/model.sdf
[0.873s] -- Up-to-date symlink: /home/gus/robotica/install/robotics_class/share/robotics_class/models/tv/model.config
[0.873s] -- Up-to-date symlink: /home/gus/robotica/install/robotics_class/share/robotics_class/models/tv/model.sdf
[0.873s] -- Up-to-date symlink: /home/gus/robotica/install/robotics_class/share/robotics_class/models/tv/tv.dae
[0.873s] -- Up-to-date symlink: /home/gus/robotica/install/robotics_class/share/robotics_class/models/vase_small/materials/scripts/vase_pattern1.material
[0.874s] -- Up-to-date symlink: /home/gus/robotica/install/robotics_class/share/robotics_class/models/vase_small/materials/textures/bronze.jpg
[0.874s] -- Up-to-date symlink: /home/gus/robotica/install/robotics_class/share/robotics_class/models/vase_small/meshes/vase2.dae
[0.874s] -- Up-to-date symlink: /home/gus/robotica/install/robotics_class/share/robotics_class/models/vase_small/model.config
[0.874s] -- Up-to-date symlink: /home/gus/robotica/install/robotics_class/share/robotics_class/models/vase_small/model.sdf
[0.874s] -- Up-to-date symlink: /home/gus/robotica/install/robotics_class/share/robotics_class/rviz/view.rviz
[0.874s] -- Up-to-date symlink: /home/gus/robotica/install/robotics_class/share/robotics_class/worlds/arena_1.world
[0.875s] -- Up-to-date symlink: /home/gus/robotica/install/robotics_class/share/robotics_class/params/amcl.yaml
[0.875s] -- Up-to-date symlink: /home/gus/robotica/install/robotics_class/share/robotics_class/params/ekf.yaml
[0.875s] -- Up-to-date symlink: /home/gus/robotica/install/robotics_class/share/robotics_class/params/slam.yaml
[0.875s] -- Up-to-date symlink: /home/gus/robotica/install/robotics_class/share/robotics_class/maps/class_map.pgm
[0.875s] -- Up-to-date symlink: /home/gus/robotica/install/robotics_class/share/robotics_class/maps/class_map.yaml
[0.876s] -- Up-to-date symlink: /home/gus/robotica/install/robotics_class/share/robotics_class/maps/details.txt
[0.876s] -- Up-to-date symlink: /home/gus/robotica/install/robotics_class/share/ament_index/resource_index/package_run_dependencies/robotics_class
[0.876s] -- Up-to-date symlink: /home/gus/robotica/install/robotics_class/share/ament_index/resource_index/parent_prefix_path/robotics_class
[0.876s] -- Up-to-date symlink: /home/gus/robotica/install/robotics_class/share/robotics_class/environment/ament_prefix_path.sh
[0.876s] -- Up-to-date symlink: /home/gus/robotica/install/robotics_class/share/robotics_class/environment/ament_prefix_path.dsv
[0.876s] -- Up-to-date symlink: /home/gus/robotica/install/robotics_class/share/robotics_class/environment/path.sh
[0.877s] -- Up-to-date symlink: /home/gus/robotica/install/robotics_class/share/robotics_class/environment/path.dsv
[0.877s] -- Up-to-date symlink: /home/gus/robotica/install/robotics_class/share/robotics_class/local_setup.bash
[0.877s] -- Up-to-date symlink: /home/gus/robotica/install/robotics_class/share/robotics_class/local_setup.sh
[0.877s] -- Up-to-date symlink: /home/gus/robotica/install/robotics_class/share/robotics_class/local_setup.zsh
[0.877s] -- Up-to-date symlink: /home/gus/robotica/install/robotics_class/share/robotics_class/local_setup.dsv
[0.878s] -- Symlinking: /home/gus/robotica/install/robotics_class/share/robotics_class/package.dsv
[0.895s] -- Up-to-date symlink: /home/gus/robotica/install/robotics_class/share/ament_index/resource_index/packages/robotics_class
[0.895s] -- Up-to-date symlink: /home/gus/robotica/install/robotics_class/share/robotics_class/cmake/robotics_classConfig.cmake
[0.895s] -- Up-to-date symlink: /home/gus/robotica/install/robotics_class/share/robotics_class/cmake/robotics_classConfig-version.cmake
[0.895s] -- Up-to-date symlink: /home/gus/robotica/install/robotics_class/share/robotics_class/package.xml
[0.899s] Invoked command in '/home/gus/robotica/build/robotics_class' returned '0': CMAKE_PREFIX_PATH=${CMAKE_PREFIX_PATH}:/opt/ros/humble /usr/bin/cmake --install /home/gus/robotica/build/robotics_class
