[0.006s] Invoking command in '/home/gus/robotica/build/robotics_class': /usr/bin/cmake /home/gus/robotica/src/robotics_class -DAMENT_CMAKE_SYMLINK_INSTALL=1 -DCMAKE_INSTALL_PREFIX=/home/gus/robotica/install/robotics_class
[0.094s] -- The C compiler identification is GNU 11.4.0
[0.174s] -- The CXX compiler identification is GNU 11.4.0
[0.180s] -- Detecting C compiler ABI info
[0.238s] -- Detecting C compiler ABI info - done
[0.245s] -- Check for working C compiler: /usr/bin/cc - skipped
[0.245s] -- Detecting C compile features
[0.246s] -- Detecting C compile features - done
[0.249s] -- Detecting CXX compiler ABI info
[0.314s] -- Detecting CXX compiler ABI info - done
[0.321s] -- Check for working CXX compiler: /usr/bin/c++ - skipped
[0.322s] -- Detecting CXX compile features
[0.322s] -- Detecting CXX compile features - done
[0.332s] [31mCMake Error at CMakeLists.txt:8 (find_package):
[0.332s]   By not providing "Findament_cmake.cmake" in CMAKE_MODULE_PATH this project
[0.332s]   has asked CMake to find a package configuration file provided by
[0.332s]   "ament_cmake", but CMake did not find one.
[0.333s] 
[0.333s]   Could not find a package configuration file provided by "ament_cmake" with
[0.333s]   any of the following names:
[0.333s] 
[0.333s]     ament_cmakeConfig.cmake
[0.333s]     ament_cmake-config.cmake
[0.333s] 
[0.333s]   Add the installation prefix of "ament_cmake" to CMAKE_PREFIX_PATH or set
[0.333s]   "ament_cmake_DIR" to a directory containing one of the above files.  If
[0.333s]   "ament_cmake" provides a separate development package or SDK, be sure it
[0.333s]   has been installed.
[0.333s] 
[0.333s] [0m
[0.333s] -- Configuring incomplete, errors occurred!
[0.333s] See also "/home/gus/robotica/build/robotics_class/CMakeFiles/CMakeOutput.log".
[0.335s] Invoked command in '/home/gus/robotica/build/robotics_class' returned '1': /usr/bin/cmake /home/gus/robotica/src/robotics_class -DAMENT_CMAKE_SYMLINK_INSTALL=1 -DCMAKE_INSTALL_PREFIX=/home/gus/robotica/install/robotics_class
