[0.170s] DEBUG:colcon:Command line arguments: ['/usr/bin/colcon', 'build']
[0.170s] DEBUG:colcon:Parsed command line arguments: Namespace(log_base=None, log_level=None, verb_name='build', build_base='build', install_base='install', merge_install=False, symlink_install=False, test_result_base=None, continue_on_error=False, executor='parallel', parallel_workers=8, event_handlers=None, ignore_user_meta=False, metas=['./colcon.meta'], base_paths=['.'], packages_ignore=None, packages_ignore_regex=None, paths=None, packages_up_to=None, packages_up_to_regex=None, packages_above=None, packages_above_and_dependencies=None, packages_above_depth=None, packages_select_by_dep=None, packages_skip_by_dep=None, packages_skip_up_to=None, packages_select_build_failed=False, packages_skip_build_finished=False, packages_select_test_failures=False, packages_skip_test_passed=False, packages_select=None, packages_skip=None, packages_select_regex=None, packages_skip_regex=None, packages_start=None, packages_end=None, allow_overriding=[], cmake_args=None, cmake_target=None, cmake_target_skip_unavailable=False, cmake_clean_cache=False, cmake_clean_first=False, cmake_force_configure=False, ament_cmake_args=None, catkin_cmake_args=None, catkin_skip_building_tests=False, verb_parser=<colcon_defaults.argument_parser.defaults.DefaultArgumentsDecorator object at 0x7a88e7a23760>, verb_extension=<colcon_core.verb.build.BuildVerb object at 0x7a88e7a232e0>, main=<bound method BuildVerb.main of <colcon_core.verb.build.BuildVerb object at 0x7a88e7a232e0>>)
[0.427s] Level 1:colcon.colcon_core.package_discovery:discover_packages(colcon_meta) check parameters
[0.428s] Level 1:colcon.colcon_core.package_discovery:discover_packages(recursive) check parameters
[0.428s] Level 1:colcon.colcon_core.package_discovery:discover_packages(ignore) check parameters
[0.428s] Level 1:colcon.colcon_core.package_discovery:discover_packages(path) check parameters
[0.428s] Level 1:colcon.colcon_core.package_discovery:discover_packages(colcon_meta) discover
[0.428s] Level 1:colcon.colcon_core.package_discovery:discover_packages(recursive) discover
[0.428s] INFO:colcon.colcon_core.package_discovery:Crawling recursively for packages in '/home/gus/robotica'
[0.428s] Level 1:colcon.colcon_core.package_identification:_identify(.) by extensions ['ignore', 'ignore_ament_install']
[0.428s] Level 1:colcon.colcon_core.package_identification:_identify(.) by extension 'ignore'
[0.428s] Level 1:colcon.colcon_core.package_identification:_identify(.) by extension 'ignore_ament_install'
[0.428s] Level 1:colcon.colcon_core.package_identification:_identify(.) by extensions ['colcon_pkg']
[0.428s] Level 1:colcon.colcon_core.package_identification:_identify(.) by extension 'colcon_pkg'
[0.429s] Level 1:colcon.colcon_core.package_identification:_identify(.) by extensions ['colcon_meta']
[0.429s] Level 1:colcon.colcon_core.package_identification:_identify(.) by extension 'colcon_meta'
[0.429s] Level 1:colcon.colcon_core.package_identification:_identify(.) by extensions ['ros']
[0.429s] Level 1:colcon.colcon_core.package_identification:_identify(.) by extension 'ros'
[0.449s] Level 1:colcon.colcon_core.package_identification:_identify(.) by extensions ['cmake', 'python']
[0.449s] Level 1:colcon.colcon_core.package_identification:_identify(.) by extension 'cmake'
[0.449s] Level 1:colcon.colcon_core.package_identification:_identify(.) by extension 'python'
[0.449s] Level 1:colcon.colcon_core.package_identification:_identify(.) by extensions ['python_setup_py']
[0.449s] Level 1:colcon.colcon_core.package_identification:_identify(.) by extension 'python_setup_py'
[0.449s] Level 1:colcon.colcon_core.package_identification:_identify(build) by extensions ['ignore', 'ignore_ament_install']
[0.449s] Level 1:colcon.colcon_core.package_identification:_identify(build) by extension 'ignore'
[0.449s] Level 1:colcon.colcon_core.package_identification:_identify(build) ignored
[0.449s] Level 1:colcon.colcon_core.package_identification:_identify(install) by extensions ['ignore', 'ignore_ament_install']
[0.449s] Level 1:colcon.colcon_core.package_identification:_identify(install) by extension 'ignore'
[0.449s] Level 1:colcon.colcon_core.package_identification:_identify(install) ignored
[0.450s] Level 1:colcon.colcon_core.package_identification:_identify(log) by extensions ['ignore', 'ignore_ament_install']
[0.450s] Level 1:colcon.colcon_core.package_identification:_identify(log) by extension 'ignore'
[0.450s] Level 1:colcon.colcon_core.package_identification:_identify(log) ignored
[0.450s] Level 1:colcon.colcon_core.package_identification:_identify(src) by extensions ['ignore', 'ignore_ament_install']
[0.450s] Level 1:colcon.colcon_core.package_identification:_identify(src) by extension 'ignore'
[0.450s] Level 1:colcon.colcon_core.package_identification:_identify(src) by extension 'ignore_ament_install'
[0.450s] Level 1:colcon.colcon_core.package_identification:_identify(src) by extensions ['colcon_pkg']
[0.450s] Level 1:colcon.colcon_core.package_identification:_identify(src) by extension 'colcon_pkg'
[0.450s] Level 1:colcon.colcon_core.package_identification:_identify(src) by extensions ['colcon_meta']
[0.450s] Level 1:colcon.colcon_core.package_identification:_identify(src) by extension 'colcon_meta'
[0.450s] Level 1:colcon.colcon_core.package_identification:_identify(src) by extensions ['ros']
[0.450s] Level 1:colcon.colcon_core.package_identification:_identify(src) by extension 'ros'
[0.450s] Level 1:colcon.colcon_core.package_identification:_identify(src) by extensions ['cmake', 'python']
[0.450s] Level 1:colcon.colcon_core.package_identification:_identify(src) by extension 'cmake'
[0.451s] Level 1:colcon.colcon_core.package_identification:_identify(src) by extension 'python'
[0.451s] Level 1:colcon.colcon_core.package_identification:_identify(src) by extensions ['python_setup_py']
[0.451s] Level 1:colcon.colcon_core.package_identification:_identify(src) by extension 'python_setup_py'
[0.451s] Level 1:colcon.colcon_core.package_identification:_identify(src/robotics_class) by extensions ['ignore', 'ignore_ament_install']
[0.451s] Level 1:colcon.colcon_core.package_identification:_identify(src/robotics_class) by extension 'ignore'
[0.451s] Level 1:colcon.colcon_core.package_identification:_identify(src/robotics_class) by extension 'ignore_ament_install'
[0.451s] Level 1:colcon.colcon_core.package_identification:_identify(src/robotics_class) by extensions ['colcon_pkg']
[0.451s] Level 1:colcon.colcon_core.package_identification:_identify(src/robotics_class) by extension 'colcon_pkg'
[0.451s] Level 1:colcon.colcon_core.package_identification:_identify(src/robotics_class) by extensions ['colcon_meta']
[0.451s] Level 1:colcon.colcon_core.package_identification:_identify(src/robotics_class) by extension 'colcon_meta'
[0.451s] Level 1:colcon.colcon_core.package_identification:_identify(src/robotics_class) by extensions ['ros']
[0.451s] Level 1:colcon.colcon_core.package_identification:_identify(src/robotics_class) by extension 'ros'
[0.455s] DEBUG:colcon.colcon_core.package_identification:Package 'src/robotics_class' with type 'ros.ament_cmake' and name 'robotics_class'
[0.455s] Level 1:colcon.colcon_core.package_identification:_identify(src/robotics_class~31ab81a (kickstart)) by extensions ['ignore', 'ignore_ament_install']
[0.455s] Level 1:colcon.colcon_core.package_identification:_identify(src/robotics_class~31ab81a (kickstart)) by extension 'ignore'
[0.455s] Level 1:colcon.colcon_core.package_identification:_identify(src/robotics_class~31ab81a (kickstart)) by extension 'ignore_ament_install'
[0.455s] Level 1:colcon.colcon_core.package_identification:_identify(src/robotics_class~31ab81a (kickstart)) by extensions ['colcon_pkg']
[0.455s] Level 1:colcon.colcon_core.package_identification:_identify(src/robotics_class~31ab81a (kickstart)) by extension 'colcon_pkg'
[0.455s] Level 1:colcon.colcon_core.package_identification:_identify(src/robotics_class~31ab81a (kickstart)) by extensions ['colcon_meta']
[0.455s] Level 1:colcon.colcon_core.package_identification:_identify(src/robotics_class~31ab81a (kickstart)) by extension 'colcon_meta'
[0.455s] Level 1:colcon.colcon_core.package_identification:_identify(src/robotics_class~31ab81a (kickstart)) by extensions ['ros']
[0.455s] Level 1:colcon.colcon_core.package_identification:_identify(src/robotics_class~31ab81a (kickstart)) by extension 'ros'
[0.456s] Level 1:colcon.colcon_core.package_identification:_identify(src/robotics_class~31ab81a (kickstart)) by extensions ['cmake', 'python']
[0.456s] Level 1:colcon.colcon_core.package_identification:_identify(src/robotics_class~31ab81a (kickstart)) by extension 'cmake'
[0.456s] Level 1:colcon.colcon_core.package_identification:_identify(src/robotics_class~31ab81a (kickstart)) by extension 'python'
[0.456s] Level 1:colcon.colcon_core.package_identification:_identify(src/robotics_class~31ab81a (kickstart)) by extensions ['python_setup_py']
[0.456s] Level 1:colcon.colcon_core.package_identification:_identify(src/robotics_class~31ab81a (kickstart)) by extension 'python_setup_py'
[0.456s] Level 1:colcon.colcon_core.package_discovery:discover_packages(recursive) using defaults
[0.456s] Level 1:colcon.colcon_core.package_discovery:discover_packages(ignore) discover
[0.456s] Level 1:colcon.colcon_core.package_discovery:discover_packages(ignore) using defaults
[0.456s] Level 1:colcon.colcon_core.package_discovery:discover_packages(path) discover
[0.456s] Level 1:colcon.colcon_core.package_discovery:discover_packages(path) using defaults
[0.486s] Level 1:colcon.colcon_core.package_discovery:discover_packages(prefix_path) check parameters
[0.486s] Level 1:colcon.colcon_core.package_discovery:discover_packages(prefix_path) discover
[0.488s] DEBUG:colcon.colcon_installed_package_information.package_discovery:Found 1 installed packages in /home/gus/robotica/install
[0.490s] DEBUG:colcon.colcon_installed_package_information.package_discovery:Found 343 installed packages in /opt/ros/humble
[0.516s] Level 1:colcon.colcon_core.package_discovery:discover_packages(prefix_path) using defaults
[0.589s] Level 5:colcon.colcon_core.verb:set package 'robotics_class' build argument 'cmake_args' from command line to 'None'
[0.589s] Level 5:colcon.colcon_core.verb:set package 'robotics_class' build argument 'cmake_target' from command line to 'None'
[0.589s] Level 5:colcon.colcon_core.verb:set package 'robotics_class' build argument 'cmake_target_skip_unavailable' from command line to 'False'
[0.589s] Level 5:colcon.colcon_core.verb:set package 'robotics_class' build argument 'cmake_clean_cache' from command line to 'False'
[0.590s] Level 5:colcon.colcon_core.verb:set package 'robotics_class' build argument 'cmake_clean_first' from command line to 'False'
[0.590s] Level 5:colcon.colcon_core.verb:set package 'robotics_class' build argument 'cmake_force_configure' from command line to 'False'
[0.590s] Level 5:colcon.colcon_core.verb:set package 'robotics_class' build argument 'ament_cmake_args' from command line to 'None'
[0.590s] Level 5:colcon.colcon_core.verb:set package 'robotics_class' build argument 'catkin_cmake_args' from command line to 'None'
[0.590s] Level 5:colcon.colcon_core.verb:set package 'robotics_class' build argument 'catkin_skip_building_tests' from command line to 'False'
[0.590s] DEBUG:colcon.colcon_core.verb:Building package 'robotics_class' with the following arguments: {'ament_cmake_args': None, 'build_base': '/home/gus/robotica/build/robotics_class', 'catkin_cmake_args': None, 'catkin_skip_building_tests': False, 'cmake_args': None, 'cmake_clean_cache': False, 'cmake_clean_first': False, 'cmake_force_configure': False, 'cmake_target': None, 'cmake_target_skip_unavailable': False, 'install_base': '/home/gus/robotica/install/robotics_class', 'merge_install': False, 'path': '/home/gus/robotica/src/robotics_class', 'symlink_install': False, 'test_result_base': None}
[0.590s] INFO:colcon.colcon_core.executor:Executing jobs using 'parallel' executor
[0.591s] DEBUG:colcon.colcon_parallel_executor.executor.parallel:run_until_complete
[0.591s] INFO:colcon.colcon_ros.task.ament_cmake.build:Building ROS package in '/home/gus/robotica/src/robotics_class' with build type 'ament_cmake'
[0.591s] INFO:colcon.colcon_cmake.task.cmake.build:Building CMake package in '/home/gus/robotica/src/robotics_class'
[0.595s] INFO:colcon.colcon_core.plugin_system:Skipping extension 'colcon_core.shell.bat': Not used on non-Windows systems
[0.595s] INFO:colcon.colcon_core.shell:Skip shell extension 'powershell' for command environment: Not usable outside of PowerShell
[0.595s] DEBUG:colcon.colcon_core.shell:Skip shell extension 'dsv' for command environment
[0.615s] DEBUG:colcon.colcon_core.event_handler.log_command:Invoking command in '/home/gus/robotica/build/robotics_class': CMAKE_PREFIX_PATH=${CMAKE_PREFIX_PATH}:/opt/ros/humble /usr/bin/cmake --build /home/gus/robotica/build/robotics_class -- -j8 -l8
[0.686s] DEBUG:colcon.colcon_core.event_handler.log_command:Invoked command in '/home/gus/robotica/build/robotics_class' returned '0': CMAKE_PREFIX_PATH=${CMAKE_PREFIX_PATH}:/opt/ros/humble /usr/bin/cmake --build /home/gus/robotica/build/robotics_class -- -j8 -l8
[0.702s] DEBUG:colcon.colcon_core.event_handler.log_command:Invoking command in '/home/gus/robotica/build/robotics_class': CMAKE_PREFIX_PATH=${CMAKE_PREFIX_PATH}:/opt/ros/humble /usr/bin/cmake --install /home/gus/robotica/build/robotics_class
[0.777s] Level 1:colcon.colcon_core.environment:create_environment_scripts_only(robotics_class)
[0.778s] DEBUG:colcon.colcon_core.event_handler.log_command:Invoked command in '/home/gus/robotica/build/robotics_class' returned '0': CMAKE_PREFIX_PATH=${CMAKE_PREFIX_PATH}:/opt/ros/humble /usr/bin/cmake --install /home/gus/robotica/build/robotics_class
[0.781s] Level 1:colcon.colcon_core.environment:checking '/home/gus/robotica/install/robotics_class' for CMake module files
[0.781s] Level 1:colcon.colcon_core.environment:checking '/home/gus/robotica/install/robotics_class' for CMake config files
[0.783s] Level 1:colcon.colcon_core.shell:create_environment_hook('robotics_class', 'cmake_prefix_path')
[0.783s] INFO:colcon.colcon_core.shell:Creating environment hook '/home/gus/robotica/install/robotics_class/share/robotics_class/hook/cmake_prefix_path.ps1'
[0.784s] INFO:colcon.colcon_core.shell:Creating environment descriptor '/home/gus/robotica/install/robotics_class/share/robotics_class/hook/cmake_prefix_path.dsv'
[0.785s] INFO:colcon.colcon_core.shell:Creating environment hook '/home/gus/robotica/install/robotics_class/share/robotics_class/hook/cmake_prefix_path.sh'
[0.786s] Level 1:colcon.colcon_core.environment:checking '/home/gus/robotica/install/robotics_class/bin'
[0.786s] Level 1:colcon.colcon_core.environment:checking '/home/gus/robotica/install/robotics_class/lib/pkgconfig/robotics_class.pc'
[0.787s] Level 1:colcon.colcon_core.environment:checking '/home/gus/robotica/install/robotics_class/lib/python3.10/site-packages'
[0.787s] Level 1:colcon.colcon_core.environment:checking '/home/gus/robotica/install/robotics_class/bin'
[0.788s] INFO:colcon.colcon_core.shell:Creating package script '/home/gus/robotica/install/robotics_class/share/robotics_class/package.ps1'
[0.789s] INFO:colcon.colcon_core.shell:Creating package descriptor '/home/gus/robotica/install/robotics_class/share/robotics_class/package.dsv'
[0.789s] INFO:colcon.colcon_core.shell:Creating package script '/home/gus/robotica/install/robotics_class/share/robotics_class/package.sh'
[0.791s] INFO:colcon.colcon_core.shell:Creating package script '/home/gus/robotica/install/robotics_class/share/robotics_class/package.bash'
[0.793s] INFO:colcon.colcon_core.shell:Creating package script '/home/gus/robotica/install/robotics_class/share/robotics_class/package.zsh'
[0.795s] Level 1:colcon.colcon_core.environment:create_file_with_runtime_dependencies(/home/gus/robotica/install/robotics_class/share/colcon-core/packages/robotics_class)
[0.798s] Level 1:colcon.colcon_core.environment:create_environment_scripts_only(robotics_class)
[0.799s] Level 1:colcon.colcon_core.environment:checking '/home/gus/robotica/install/robotics_class' for CMake module files
[0.800s] Level 1:colcon.colcon_core.environment:checking '/home/gus/robotica/install/robotics_class' for CMake config files
[0.803s] Level 1:colcon.colcon_core.shell:create_environment_hook('robotics_class', 'cmake_prefix_path')
[0.804s] INFO:colcon.colcon_core.shell:Creating environment hook '/home/gus/robotica/install/robotics_class/share/robotics_class/hook/cmake_prefix_path.ps1'
[0.805s] INFO:colcon.colcon_core.shell:Creating environment descriptor '/home/gus/robotica/install/robotics_class/share/robotics_class/hook/cmake_prefix_path.dsv'
[0.806s] INFO:colcon.colcon_core.shell:Creating environment hook '/home/gus/robotica/install/robotics_class/share/robotics_class/hook/cmake_prefix_path.sh'
[0.807s] Level 1:colcon.colcon_core.environment:checking '/home/gus/robotica/install/robotics_class/bin'
[0.808s] Level 1:colcon.colcon_core.environment:checking '/home/gus/robotica/install/robotics_class/lib/pkgconfig/robotics_class.pc'
[0.808s] Level 1:colcon.colcon_core.environment:checking '/home/gus/robotica/install/robotics_class/lib/python3.10/site-packages'
[0.809s] Level 1:colcon.colcon_core.environment:checking '/home/gus/robotica/install/robotics_class/bin'
[0.812s] INFO:colcon.colcon_core.shell:Creating package script '/home/gus/robotica/install/robotics_class/share/robotics_class/package.ps1'
[0.815s] INFO:colcon.colcon_core.shell:Creating package descriptor '/home/gus/robotica/install/robotics_class/share/robotics_class/package.dsv'
[0.816s] INFO:colcon.colcon_core.shell:Creating package script '/home/gus/robotica/install/robotics_class/share/robotics_class/package.sh'
[0.818s] INFO:colcon.colcon_core.shell:Creating package script '/home/gus/robotica/install/robotics_class/share/robotics_class/package.bash'
[0.819s] INFO:colcon.colcon_core.shell:Creating package script '/home/gus/robotica/install/robotics_class/share/robotics_class/package.zsh'
[0.820s] Level 1:colcon.colcon_core.environment:create_file_with_runtime_dependencies(/home/gus/robotica/install/robotics_class/share/colcon-core/packages/robotics_class)
[0.821s] DEBUG:colcon.colcon_parallel_executor.executor.parallel:closing loop
[0.822s] DEBUG:colcon.colcon_parallel_executor.executor.parallel:loop closed
[0.822s] DEBUG:colcon.colcon_parallel_executor.executor.parallel:run_until_complete finished with '0'
[0.823s] DEBUG:colcon.colcon_core.event_reactor:joining thread
[0.836s] INFO:colcon.colcon_core.plugin_system:Skipping extension 'colcon_notification.desktop_notification.terminal_notifier': Not used on non-Darwin systems
[0.836s] INFO:colcon.colcon_core.plugin_system:Skipping extension 'colcon_notification.desktop_notification.win32': Not used on non-Windows systems
[0.836s] INFO:colcon.colcon_notification.desktop_notification:Sending desktop notification using 'notify2'
[0.866s] DEBUG:colcon.colcon_core.event_reactor:joined thread
[0.867s] INFO:colcon.colcon_core.shell:Creating prefix script '/home/gus/robotica/install/local_setup.ps1'
[0.869s] INFO:colcon.colcon_core.shell:Creating prefix util module '/home/gus/robotica/install/_local_setup_util_ps1.py'
[0.872s] INFO:colcon.colcon_core.shell:Creating prefix chain script '/home/gus/robotica/install/setup.ps1'
[0.873s] INFO:colcon.colcon_core.shell:Creating prefix script '/home/gus/robotica/install/local_setup.sh'
[0.874s] INFO:colcon.colcon_core.shell:Creating prefix util module '/home/gus/robotica/install/_local_setup_util_sh.py'
[0.875s] INFO:colcon.colcon_core.shell:Creating prefix chain script '/home/gus/robotica/install/setup.sh'
[0.879s] INFO:colcon.colcon_core.shell:Creating prefix script '/home/gus/robotica/install/local_setup.bash'
[0.880s] INFO:colcon.colcon_core.shell:Creating prefix chain script '/home/gus/robotica/install/setup.bash'
[0.882s] INFO:colcon.colcon_core.shell:Creating prefix script '/home/gus/robotica/install/local_setup.zsh'
[0.882s] INFO:colcon.colcon_core.shell:Creating prefix chain script '/home/gus/robotica/install/setup.zsh'
