-- Install configuration: ""
-- Execute custom install script
-- Up-to-date symlink: /home/gus/robotica/install/robotics_class/share/robotics_class/launch/ekf.launch.py
-- Up-to-date symlink: /home/gus/robotica/install/robotics_class/share/robotics_class/launch/localization.launch.py
-- Up-to-date symlink: /home/gus/robotica/install/robotics_class/share/robotics_class/launch/robot_description.launch.py
-- Up-to-date symlink: /home/gus/robotica/install/robotics_class/share/robotics_class/launch/rviz.launch.py
-- Up-to-date symlink: /home/gus/robotica/install/robotics_class/share/robotics_class/launch/simulation_world.launch.py
-- Up-to-date symlink: /home/gus/robotica/install/robotics_class/share/robotics_class/launch/slam.launch.py
-- Up-to-date symlink: /home/gus/robotica/install/robotics_class/share/robotics_class/urdf/depth_camera.urdf.xacro
-- Up-to-date symlink: /home/gus/robotica/install/robotics_class/share/robotics_class/urdf/imu.urdf.xacro
-- Up-to-date symlink: /home/gus/robotica/install/robotics_class/share/robotics_class/urdf/inertial_matrix.xacro
-- Up-to-date symlink: /home/gus/robotica/install/robotics_class/share/robotics_class/urdf/jetauto.xacro
-- Up-to-date symlink: /home/gus/robotica/install/robotics_class/share/robotics_class/urdf/jetauto_car.urdf.xacro
-- Up-to-date symlink: /home/gus/robotica/install/robotics_class/share/robotics_class/urdf/lidar.urdf.xacro
-- Up-to-date symlink: /home/gus/robotica/install/robotics_class/share/robotics_class/urdf/materials.xacro
-- Up-to-date symlink: /home/gus/robotica/install/robotics_class/share/robotics_class/urdf/p3d_plugin.gazebo.xacro
-- Up-to-date symlink: /home/gus/robotica/install/robotics_class/share/robotics_class/models/base_arena/model.config
-- Up-to-date symlink: /home/gus/robotica/install/robotics_class/share/robotics_class/models/base_arena/model.sdf
-- Up-to-date symlink: /home/gus/robotica/install/robotics_class/share/robotics_class/models/bed/bed_model.stl
-- Up-to-date symlink: /home/gus/robotica/install/robotics_class/share/robotics_class/models/bed/model.config
-- Up-to-date symlink: /home/gus/robotica/install/robotics_class/share/robotics_class/models/bed/model.sdf
-- Up-to-date symlink: /home/gus/robotica/install/robotics_class/share/robotics_class/models/chair_1/materials/scripts/chair_1_cushion.material
-- Up-to-date symlink: /home/gus/robotica/install/robotics_class/share/robotics_class/models/chair_1/materials/scripts/chair_1_frame.material
-- Up-to-date symlink: /home/gus/robotica/install/robotics_class/share/robotics_class/models/chair_1/materials/textures/fabric_1.jpg
-- Up-to-date symlink: /home/gus/robotica/install/robotics_class/share/robotics_class/models/chair_1/materials/textures/wood_black.jpg
-- Up-to-date symlink: /home/gus/robotica/install/robotics_class/share/robotics_class/models/chair_1/materials/textures/wood_black_1.jpg
-- Up-to-date symlink: /home/gus/robotica/install/robotics_class/share/robotics_class/models/chair_1/materials/textures/wood_black_3.png
-- Up-to-date symlink: /home/gus/robotica/install/robotics_class/share/robotics_class/models/chair_1/meshes/cushions.dae
-- Up-to-date symlink: /home/gus/robotica/install/robotics_class/share/robotics_class/models/chair_1/meshes/frame.dae
-- Up-to-date symlink: /home/gus/robotica/install/robotics_class/share/robotics_class/models/chair_1/meshes/model.dae
-- Up-to-date symlink: /home/gus/robotica/install/robotics_class/share/robotics_class/models/chair_1/model.config
-- Up-to-date symlink: /home/gus/robotica/install/robotics_class/share/robotics_class/models/chair_1/model.sdf
-- Up-to-date symlink: /home/gus/robotica/install/robotics_class/share/robotics_class/models/coffee_table_set_1/materials/scripts/coffee_table_set_1_frame.material
-- Up-to-date symlink: /home/gus/robotica/install/robotics_class/share/robotics_class/models/coffee_table_set_1/materials/scripts/coffee_table_set_1_surf.material
-- Up-to-date symlink: /home/gus/robotica/install/robotics_class/share/robotics_class/models/coffee_table_set_1/materials/textures/leather.jpg
-- Up-to-date symlink: /home/gus/robotica/install/robotics_class/share/robotics_class/models/coffee_table_set_1/materials/textures/wood_dark_1.jpg
-- Up-to-date symlink: /home/gus/robotica/install/robotics_class/share/robotics_class/models/coffee_table_set_1/meshes/model.dae
-- Up-to-date symlink: /home/gus/robotica/install/robotics_class/share/robotics_class/models/coffee_table_set_1/meshes/table_large_frame.dae
-- Up-to-date symlink: /home/gus/robotica/install/robotics_class/share/robotics_class/models/coffee_table_set_1/meshes/table_large_full.dae
-- Up-to-date symlink: /home/gus/robotica/install/robotics_class/share/robotics_class/models/coffee_table_set_1/meshes/table_large_mid.dae
-- Up-to-date symlink: /home/gus/robotica/install/robotics_class/share/robotics_class/models/coffee_table_set_1/meshes/table_large_top.dae
-- Up-to-date symlink: /home/gus/robotica/install/robotics_class/share/robotics_class/models/coffee_table_set_1/meshes/tables.dae
-- Up-to-date symlink: /home/gus/robotica/install/robotics_class/share/robotics_class/models/coffee_table_set_1/model.config
-- Up-to-date symlink: /home/gus/robotica/install/robotics_class/share/robotics_class/models/coffee_table_set_1/model.sdf
-- Up-to-date symlink: /home/gus/robotica/install/robotics_class/share/robotics_class/models/file_cabinet_small/materials/scripts/file_black.material
-- Up-to-date symlink: /home/gus/robotica/install/robotics_class/share/robotics_class/models/file_cabinet_small/materials/textures/metal_black_2.jpg
-- Up-to-date symlink: /home/gus/robotica/install/robotics_class/share/robotics_class/models/file_cabinet_small/meshes/model.dae
-- Up-to-date symlink: /home/gus/robotica/install/robotics_class/share/robotics_class/models/file_cabinet_small/model.config
-- Up-to-date symlink: /home/gus/robotica/install/robotics_class/share/robotics_class/models/file_cabinet_small/model.sdf
-- Up-to-date symlink: /home/gus/robotica/install/robotics_class/share/robotics_class/models/jetauto/back_shell_link.stl
-- Up-to-date symlink: /home/gus/robotica/install/robotics_class/share/robotics_class/models/jetauto/base_link.stl
-- Up-to-date symlink: /home/gus/robotica/install/robotics_class/share/robotics_class/models/jetauto/base_link_collision.stl
-- Up-to-date symlink: /home/gus/robotica/install/robotics_class/share/robotics_class/models/jetauto/depth_camera_link.stl
-- Up-to-date symlink: /home/gus/robotica/install/robotics_class/share/robotics_class/models/jetauto/depth_camera_link_collision.stl
-- Up-to-date symlink: /home/gus/robotica/install/robotics_class/share/robotics_class/models/jetauto/lidar_link.stl
-- Up-to-date symlink: /home/gus/robotica/install/robotics_class/share/robotics_class/models/jetauto/mic_link.stl
-- Up-to-date symlink: /home/gus/robotica/install/robotics_class/share/robotics_class/models/jetauto/screen_link.stl
-- Up-to-date symlink: /home/gus/robotica/install/robotics_class/share/robotics_class/models/jetauto/screen_link_collision.stl
-- Up-to-date symlink: /home/gus/robotica/install/robotics_class/share/robotics_class/models/jetauto/speaker_link.stl
-- Up-to-date symlink: /home/gus/robotica/install/robotics_class/share/robotics_class/models/jetauto/wheel_left_back_link.stl
-- Up-to-date symlink: /home/gus/robotica/install/robotics_class/share/robotics_class/models/jetauto/wheel_left_front_link.stl
-- Up-to-date symlink: /home/gus/robotica/install/robotics_class/share/robotics_class/models/jetauto/wheel_right_back_link.stl
-- Up-to-date symlink: /home/gus/robotica/install/robotics_class/share/robotics_class/models/jetauto/wheel_right_front_link.stl
-- Up-to-date symlink: /home/gus/robotica/install/robotics_class/share/robotics_class/models/kitchen_chair/meshes/base.dae
-- Up-to-date symlink: /home/gus/robotica/install/robotics_class/share/robotics_class/models/kitchen_chair/meshes/seat.dae
-- Up-to-date symlink: /home/gus/robotica/install/robotics_class/share/robotics_class/models/kitchen_chair/model.config
-- Up-to-date symlink: /home/gus/robotica/install/robotics_class/share/robotics_class/models/kitchen_chair/model.sdf
-- Up-to-date symlink: /home/gus/robotica/install/robotics_class/share/robotics_class/models/person/model.config
-- Up-to-date symlink: /home/gus/robotica/install/robotics_class/share/robotics_class/models/person/model.sdf
-- Up-to-date symlink: /home/gus/robotica/install/robotics_class/share/robotics_class/models/person/walk.dae
-- Up-to-date symlink: /home/gus/robotica/install/robotics_class/share/robotics_class/models/plant_1_single/meshes/leaf.dae
-- Up-to-date symlink: /home/gus/robotica/install/robotics_class/share/robotics_class/models/plant_1_single/model.config
-- Up-to-date symlink: /home/gus/robotica/install/robotics_class/share/robotics_class/models/plant_1_single/model.sdf
-- Up-to-date symlink: /home/gus/robotica/install/robotics_class/share/robotics_class/models/refrigerator/model.config
-- Up-to-date symlink: /home/gus/robotica/install/robotics_class/share/robotics_class/models/refrigerator/model.sdf
-- Up-to-date symlink: /home/gus/robotica/install/robotics_class/share/robotics_class/models/refrigerator/refrigerator.stl
-- Up-to-date symlink: /home/gus/robotica/install/robotics_class/share/robotics_class/models/sink/model.config
-- Up-to-date symlink: /home/gus/robotica/install/robotics_class/share/robotics_class/models/sink/model.sdf
-- Up-to-date symlink: /home/gus/robotica/install/robotics_class/share/robotics_class/models/sink/sink.stl
-- Up-to-date symlink: /home/gus/robotica/install/robotics_class/share/robotics_class/models/sofa_set_1/materials/scripts/sofa_set_1.material
-- Up-to-date symlink: /home/gus/robotica/install/robotics_class/share/robotics_class/models/sofa_set_1/materials/textures/fabric_black.jpg
-- Up-to-date symlink: /home/gus/robotica/install/robotics_class/share/robotics_class/models/sofa_set_1/meshes/model.dae
-- Up-to-date symlink: /home/gus/robotica/install/robotics_class/share/robotics_class/models/sofa_set_1/meshes/sofa_cushions.dae
-- Up-to-date symlink: /home/gus/robotica/install/robotics_class/share/robotics_class/models/sofa_set_1/meshes/sofa_cushions_back.dae
-- Up-to-date symlink: /home/gus/robotica/install/robotics_class/share/robotics_class/models/sofa_set_1/meshes/sofa_cushions_bot.dae
-- Up-to-date symlink: /home/gus/robotica/install/robotics_class/share/robotics_class/models/sofa_set_1/meshes/sofa_cushions_sides.dae
-- Up-to-date symlink: /home/gus/robotica/install/robotics_class/share/robotics_class/models/sofa_set_1/meshes/sofa_frame.dae
-- Up-to-date symlink: /home/gus/robotica/install/robotics_class/share/robotics_class/models/sofa_set_1/meshes/sofa_full.dae
-- Up-to-date symlink: /home/gus/robotica/install/robotics_class/share/robotics_class/models/sofa_set_1/model.config
-- Up-to-date symlink: /home/gus/robotica/install/robotics_class/share/robotics_class/models/sofa_set_1/model.sdf
-- Up-to-date symlink: /home/gus/robotica/install/robotics_class/share/robotics_class/models/stove/model.config
-- Up-to-date symlink: /home/gus/robotica/install/robotics_class/share/robotics_class/models/stove/model.sdf
-- Up-to-date symlink: /home/gus/robotica/install/robotics_class/share/robotics_class/models/stove/stove.stl
-- Up-to-date symlink: /home/gus/robotica/install/robotics_class/share/robotics_class/models/table/model.config
-- Up-to-date symlink: /home/gus/robotica/install/robotics_class/share/robotics_class/models/table/model.sdf
-- Up-to-date symlink: /home/gus/robotica/install/robotics_class/share/robotics_class/models/table_breakfast/meshes/table3.dae
-- Up-to-date symlink: /home/gus/robotica/install/robotics_class/share/robotics_class/models/table_breakfast/model.config
-- Up-to-date symlink: /home/gus/robotica/install/robotics_class/share/robotics_class/models/table_breakfast/model.sdf
-- Up-to-date symlink: /home/gus/robotica/install/robotics_class/share/robotics_class/models/table_dining/materials/scripts/dining_table.material
-- Up-to-date symlink: /home/gus/robotica/install/robotics_class/share/robotics_class/models/table_dining/materials/textures/wood_black.jpg
-- Up-to-date symlink: /home/gus/robotica/install/robotics_class/share/robotics_class/models/table_dining/materials/textures/wood_black_1.jpg
-- Up-to-date symlink: /home/gus/robotica/install/robotics_class/share/robotics_class/models/table_dining/materials/textures/wood_black_3.png
-- Up-to-date symlink: /home/gus/robotica/install/robotics_class/share/robotics_class/models/table_dining/meshes/table2.dae
-- Up-to-date symlink: /home/gus/robotica/install/robotics_class/share/robotics_class/models/table_dining/model.config
-- Up-to-date symlink: /home/gus/robotica/install/robotics_class/share/robotics_class/models/table_dining/model.sdf
-- Up-to-date symlink: /home/gus/robotica/install/robotics_class/share/robotics_class/models/tv/model.config
-- Up-to-date symlink: /home/gus/robotica/install/robotics_class/share/robotics_class/models/tv/model.sdf
-- Up-to-date symlink: /home/gus/robotica/install/robotics_class/share/robotics_class/models/tv/tv.dae
-- Up-to-date symlink: /home/gus/robotica/install/robotics_class/share/robotics_class/models/vase_small/materials/scripts/vase_pattern1.material
-- Up-to-date symlink: /home/gus/robotica/install/robotics_class/share/robotics_class/models/vase_small/materials/textures/bronze.jpg
-- Up-to-date symlink: /home/gus/robotica/install/robotics_class/share/robotics_class/models/vase_small/meshes/vase2.dae
-- Up-to-date symlink: /home/gus/robotica/install/robotics_class/share/robotics_class/models/vase_small/model.config
-- Up-to-date symlink: /home/gus/robotica/install/robotics_class/share/robotics_class/models/vase_small/model.sdf
-- Up-to-date symlink: /home/gus/robotica/install/robotics_class/share/robotics_class/worlds/arena_1.world
-- Up-to-date symlink: /home/gus/robotica/install/robotics_class/share/robotics_class/params/amcl.yaml
-- Up-to-date symlink: /home/gus/robotica/install/robotics_class/share/robotics_class/params/ekf.yaml
-- Up-to-date symlink: /home/gus/robotica/install/robotics_class/share/robotics_class/params/slam.yaml
-- Up-to-date symlink: /home/gus/robotica/install/robotics_class/share/robotics_class/maps/class_map.pgm
-- Up-to-date symlink: /home/gus/robotica/install/robotics_class/share/robotics_class/maps/class_map.yaml
-- Up-to-date symlink: /home/gus/robotica/install/robotics_class/share/robotics_class/maps/details.txt
-- Up-to-date symlink: /home/gus/robotica/install/robotics_class/share/ament_index/resource_index/package_run_dependencies/robotics_class
-- Up-to-date symlink: /home/gus/robotica/install/robotics_class/share/ament_index/resource_index/parent_prefix_path/robotics_class
-- Up-to-date symlink: /home/gus/robotica/install/robotics_class/share/robotics_class/environment/ament_prefix_path.sh
-- Up-to-date symlink: /home/gus/robotica/install/robotics_class/share/robotics_class/environment/ament_prefix_path.dsv
-- Up-to-date symlink: /home/gus/robotica/install/robotics_class/share/robotics_class/environment/path.sh
-- Up-to-date symlink: /home/gus/robotica/install/robotics_class/share/robotics_class/environment/path.dsv
-- Up-to-date symlink: /home/gus/robotica/install/robotics_class/share/robotics_class/local_setup.bash
-- Up-to-date symlink: /home/gus/robotica/install/robotics_class/share/robotics_class/local_setup.sh
-- Up-to-date symlink: /home/gus/robotica/install/robotics_class/share/robotics_class/local_setup.zsh
-- Up-to-date symlink: /home/gus/robotica/install/robotics_class/share/robotics_class/local_setup.dsv
-- Symlinking: /home/gus/robotica/install/robotics_class/share/robotics_class/package.dsv
-- Up-to-date symlink: /home/gus/robotica/install/robotics_class/share/ament_index/resource_index/packages/robotics_class
-- Up-to-date symlink: /home/gus/robotica/install/robotics_class/share/robotics_class/cmake/robotics_classConfig.cmake
-- Up-to-date symlink: /home/gus/robotica/install/robotics_class/share/robotics_class/cmake/robotics_classConfig-version.cmake
-- Up-to-date symlink: /home/gus/robotica/install/robotics_class/share/robotics_class/package.xml
