[0.092s] DEBUG:colcon:Command line arguments: ['/usr/bin/colcon', 'build', '--symlink-install']
[0.093s] DEBUG:colcon:Parsed command line arguments: Namespace(log_base=None, log_level=None, verb_name='build', build_base='build', install_base='install', merge_install=False, symlink_install=True, test_result_base=None, continue_on_error=False, executor='parallel', parallel_workers=8, event_handlers=None, ignore_user_meta=False, metas=['./colcon.meta'], base_paths=['.'], packages_ignore=None, packages_ignore_regex=None, paths=None, packages_up_to=None, packages_up_to_regex=None, packages_above=None, packages_above_and_dependencies=None, packages_above_depth=None, packages_select_by_dep=None, packages_skip_by_dep=None, packages_skip_up_to=None, packages_select_build_failed=False, packages_skip_build_finished=False, packages_select_test_failures=False, packages_skip_test_passed=False, packages_select=None, packages_skip=None, packages_select_regex=None, packages_skip_regex=None, packages_start=None, packages_end=None, allow_overriding=[], cmake_args=None, cmake_target=None, cmake_target_skip_unavailable=False, cmake_clean_cache=False, cmake_clean_first=False, cmake_force_configure=False, ament_cmake_args=None, catkin_cmake_args=None, catkin_skip_building_tests=False, verb_parser=<colcon_defaults.argument_parser.defaults.DefaultArgumentsDecorator object at 0x79606b0cb760>, verb_extension=<colcon_core.verb.build.BuildVerb object at 0x79606b0cb2e0>, main=<bound method BuildVerb.main of <colcon_core.verb.build.BuildVerb object at 0x79606b0cb2e0>>)
[0.234s] Level 1:colcon.colcon_core.package_discovery:discover_packages(colcon_meta) check parameters
[0.234s] Level 1:colcon.colcon_core.package_discovery:discover_packages(recursive) check parameters
[0.234s] Level 1:colcon.colcon_core.package_discovery:discover_packages(ignore) check parameters
[0.234s] Level 1:colcon.colcon_core.package_discovery:discover_packages(path) check parameters
[0.234s] Level 1:colcon.colcon_core.package_discovery:discover_packages(colcon_meta) discover
[0.234s] Level 1:colcon.colcon_core.package_discovery:discover_packages(recursive) discover
[0.234s] INFO:colcon.colcon_core.package_discovery:Crawling recursively for packages in '/home/gus/robotica'
[0.235s] Level 1:colcon.colcon_core.package_identification:_identify(.) by extensions ['ignore', 'ignore_ament_install']
[0.235s] Level 1:colcon.colcon_core.package_identification:_identify(.) by extension 'ignore'
[0.235s] Level 1:colcon.colcon_core.package_identification:_identify(.) by extension 'ignore_ament_install'
[0.235s] Level 1:colcon.colcon_core.package_identification:_identify(.) by extensions ['colcon_pkg']
[0.235s] Level 1:colcon.colcon_core.package_identification:_identify(.) by extension 'colcon_pkg'
[0.235s] Level 1:colcon.colcon_core.package_identification:_identify(.) by extensions ['colcon_meta']
[0.235s] Level 1:colcon.colcon_core.package_identification:_identify(.) by extension 'colcon_meta'
[0.235s] Level 1:colcon.colcon_core.package_identification:_identify(.) by extensions ['ros']
[0.235s] Level 1:colcon.colcon_core.package_identification:_identify(.) by extension 'ros'
[0.244s] Level 1:colcon.colcon_core.package_identification:_identify(.) by extensions ['cmake', 'python']
[0.245s] Level 1:colcon.colcon_core.package_identification:_identify(.) by extension 'cmake'
[0.245s] Level 1:colcon.colcon_core.package_identification:_identify(.) by extension 'python'
[0.245s] Level 1:colcon.colcon_core.package_identification:_identify(.) by extensions ['python_setup_py']
[0.245s] Level 1:colcon.colcon_core.package_identification:_identify(.) by extension 'python_setup_py'
[0.245s] Level 1:colcon.colcon_core.package_identification:_identify(build) by extensions ['ignore', 'ignore_ament_install']
[0.245s] Level 1:colcon.colcon_core.package_identification:_identify(build) by extension 'ignore'
[0.245s] Level 1:colcon.colcon_core.package_identification:_identify(build) ignored
[0.245s] Level 1:colcon.colcon_core.package_identification:_identify(install) by extensions ['ignore', 'ignore_ament_install']
[0.245s] Level 1:colcon.colcon_core.package_identification:_identify(install) by extension 'ignore'
[0.245s] Level 1:colcon.colcon_core.package_identification:_identify(install) ignored
[0.245s] Level 1:colcon.colcon_core.package_identification:_identify(log) by extensions ['ignore', 'ignore_ament_install']
[0.245s] Level 1:colcon.colcon_core.package_identification:_identify(log) by extension 'ignore'
[0.245s] Level 1:colcon.colcon_core.package_identification:_identify(log) ignored
[0.245s] Level 1:colcon.colcon_core.package_identification:_identify(src) by extensions ['ignore', 'ignore_ament_install']
[0.245s] Level 1:colcon.colcon_core.package_identification:_identify(src) by extension 'ignore'
[0.246s] Level 1:colcon.colcon_core.package_identification:_identify(src) by extension 'ignore_ament_install'
[0.246s] Level 1:colcon.colcon_core.package_identification:_identify(src) by extensions ['colcon_pkg']
[0.246s] Level 1:colcon.colcon_core.package_identification:_identify(src) by extension 'colcon_pkg'
[0.246s] Level 1:colcon.colcon_core.package_identification:_identify(src) by extensions ['colcon_meta']
[0.246s] Level 1:colcon.colcon_core.package_identification:_identify(src) by extension 'colcon_meta'
[0.246s] Level 1:colcon.colcon_core.package_identification:_identify(src) by extensions ['ros']
[0.246s] Level 1:colcon.colcon_core.package_identification:_identify(src) by extension 'ros'
[0.246s] Level 1:colcon.colcon_core.package_identification:_identify(src) by extensions ['cmake', 'python']
[0.246s] Level 1:colcon.colcon_core.package_identification:_identify(src) by extension 'cmake'
[0.246s] Level 1:colcon.colcon_core.package_identification:_identify(src) by extension 'python'
[0.246s] Level 1:colcon.colcon_core.package_identification:_identify(src) by extensions ['python_setup_py']
[0.246s] Level 1:colcon.colcon_core.package_identification:_identify(src) by extension 'python_setup_py'
[0.246s] Level 1:colcon.colcon_core.package_identification:_identify(src/robotics_class) by extensions ['ignore', 'ignore_ament_install']
[0.246s] Level 1:colcon.colcon_core.package_identification:_identify(src/robotics_class) by extension 'ignore'
[0.246s] Level 1:colcon.colcon_core.package_identification:_identify(src/robotics_class) by extension 'ignore_ament_install'
[0.246s] Level 1:colcon.colcon_core.package_identification:_identify(src/robotics_class) by extensions ['colcon_pkg']
[0.246s] Level 1:colcon.colcon_core.package_identification:_identify(src/robotics_class) by extension 'colcon_pkg'
[0.246s] Level 1:colcon.colcon_core.package_identification:_identify(src/robotics_class) by extensions ['colcon_meta']
[0.246s] Level 1:colcon.colcon_core.package_identification:_identify(src/robotics_class) by extension 'colcon_meta'
[0.246s] Level 1:colcon.colcon_core.package_identification:_identify(src/robotics_class) by extensions ['ros']
[0.246s] Level 1:colcon.colcon_core.package_identification:_identify(src/robotics_class) by extension 'ros'
[0.249s] DEBUG:colcon.colcon_core.package_identification:Package 'src/robotics_class' with type 'ros.ament_cmake' and name 'robotics_class'
[0.249s] Level 1:colcon.colcon_core.package_discovery:discover_packages(recursive) using defaults
[0.249s] Level 1:colcon.colcon_core.package_discovery:discover_packages(ignore) discover
[0.249s] Level 1:colcon.colcon_core.package_discovery:discover_packages(ignore) using defaults
[0.249s] Level 1:colcon.colcon_core.package_discovery:discover_packages(path) discover
[0.249s] Level 1:colcon.colcon_core.package_discovery:discover_packages(path) using defaults
[0.266s] Level 1:colcon.colcon_core.package_discovery:discover_packages(prefix_path) check parameters
[0.266s] Level 1:colcon.colcon_core.package_discovery:discover_packages(prefix_path) discover
[0.268s] DEBUG:colcon.colcon_installed_package_information.package_discovery:Found 343 installed packages in /opt/ros/humble
[0.278s] Level 1:colcon.colcon_core.package_discovery:discover_packages(prefix_path) using defaults
[0.316s] Level 5:colcon.colcon_core.verb:set package 'robotics_class' build argument 'cmake_args' from command line to 'None'
[0.316s] Level 5:colcon.colcon_core.verb:set package 'robotics_class' build argument 'cmake_target' from command line to 'None'
[0.316s] Level 5:colcon.colcon_core.verb:set package 'robotics_class' build argument 'cmake_target_skip_unavailable' from command line to 'False'
[0.316s] Level 5:colcon.colcon_core.verb:set package 'robotics_class' build argument 'cmake_clean_cache' from command line to 'False'
[0.316s] Level 5:colcon.colcon_core.verb:set package 'robotics_class' build argument 'cmake_clean_first' from command line to 'False'
[0.316s] Level 5:colcon.colcon_core.verb:set package 'robotics_class' build argument 'cmake_force_configure' from command line to 'False'
[0.316s] Level 5:colcon.colcon_core.verb:set package 'robotics_class' build argument 'ament_cmake_args' from command line to 'None'
[0.316s] Level 5:colcon.colcon_core.verb:set package 'robotics_class' build argument 'catkin_cmake_args' from command line to 'None'
[0.316s] Level 5:colcon.colcon_core.verb:set package 'robotics_class' build argument 'catkin_skip_building_tests' from command line to 'False'
[0.316s] DEBUG:colcon.colcon_core.verb:Building package 'robotics_class' with the following arguments: {'ament_cmake_args': None, 'build_base': '/home/gus/robotica/build/robotics_class', 'catkin_cmake_args': None, 'catkin_skip_building_tests': False, 'cmake_args': None, 'cmake_clean_cache': False, 'cmake_clean_first': False, 'cmake_force_configure': False, 'cmake_target': None, 'cmake_target_skip_unavailable': False, 'install_base': '/home/gus/robotica/install/robotics_class', 'merge_install': False, 'path': '/home/gus/robotica/src/robotics_class', 'symlink_install': True, 'test_result_base': None}
[0.317s] INFO:colcon.colcon_core.executor:Executing jobs using 'parallel' executor
[0.317s] DEBUG:colcon.colcon_parallel_executor.executor.parallel:run_until_complete
[0.318s] INFO:colcon.colcon_ros.task.ament_cmake.build:Building ROS package in '/home/gus/robotica/src/robotics_class' with build type 'ament_cmake'
[0.318s] INFO:colcon.colcon_cmake.task.cmake.build:Building CMake package in '/home/gus/robotica/src/robotics_class'
[0.319s] INFO:colcon.colcon_core.plugin_system:Skipping extension 'colcon_core.shell.bat': Not used on non-Windows systems
[0.320s] INFO:colcon.colcon_core.shell:Skip shell extension 'powershell' for command environment: Not usable outside of PowerShell
[0.320s] DEBUG:colcon.colcon_core.shell:Skip shell extension 'dsv' for command environment
[0.327s] DEBUG:colcon.colcon_core.event_handler.log_command:Invoking command in '/home/gus/robotica/build/robotics_class': CMAKE_PREFIX_PATH=/opt/ros/humble /usr/bin/cmake --build /home/gus/robotica/build/robotics_class -- -j8 -l8
[0.356s] DEBUG:colcon.colcon_core.event_handler.log_command:Invoked command in '/home/gus/robotica/build/robotics_class' returned '0': CMAKE_PREFIX_PATH=/opt/ros/humble /usr/bin/cmake --build /home/gus/robotica/build/robotics_class -- -j8 -l8
[0.363s] DEBUG:colcon.colcon_core.event_handler.log_command:Invoking command in '/home/gus/robotica/build/robotics_class': CMAKE_PREFIX_PATH=/opt/ros/humble /usr/bin/cmake --install /home/gus/robotica/build/robotics_class
[0.391s] Level 1:colcon.colcon_core.environment:create_environment_scripts_only(robotics_class)
[0.392s] DEBUG:colcon.colcon_core.event_handler.log_command:Invoked command in '/home/gus/robotica/build/robotics_class' returned '0': CMAKE_PREFIX_PATH=/opt/ros/humble /usr/bin/cmake --install /home/gus/robotica/build/robotics_class
[0.393s] Level 1:colcon.colcon_core.environment:checking '/home/gus/robotica/install/robotics_class' for CMake module files
[0.394s] Level 1:colcon.colcon_core.environment:checking '/home/gus/robotica/install/robotics_class' for CMake config files
[0.395s] Level 1:colcon.colcon_core.shell:create_environment_hook('robotics_class', 'cmake_prefix_path')
[0.395s] INFO:colcon.colcon_core.shell:Creating environment hook '/home/gus/robotica/install/robotics_class/share/robotics_class/hook/cmake_prefix_path.ps1'
[0.396s] INFO:colcon.colcon_core.shell:Creating environment descriptor '/home/gus/robotica/install/robotics_class/share/robotics_class/hook/cmake_prefix_path.dsv'
[0.396s] INFO:colcon.colcon_core.shell:Creating environment hook '/home/gus/robotica/install/robotics_class/share/robotics_class/hook/cmake_prefix_path.sh'
[0.397s] Level 1:colcon.colcon_core.environment:checking '/home/gus/robotica/install/robotics_class/bin'
[0.397s] Level 1:colcon.colcon_core.environment:checking '/home/gus/robotica/install/robotics_class/lib/pkgconfig/robotics_class.pc'
[0.397s] Level 1:colcon.colcon_core.environment:checking '/home/gus/robotica/install/robotics_class/lib/python3.10/site-packages'
[0.398s] Level 1:colcon.colcon_core.environment:checking '/home/gus/robotica/install/robotics_class/bin'
[0.398s] INFO:colcon.colcon_core.shell:Creating package script '/home/gus/robotica/install/robotics_class/share/robotics_class/package.ps1'
[0.398s] INFO:colcon.colcon_core.shell:Creating package descriptor '/home/gus/robotica/install/robotics_class/share/robotics_class/package.dsv'
[0.399s] INFO:colcon.colcon_core.shell:Creating package script '/home/gus/robotica/install/robotics_class/share/robotics_class/package.sh'
[0.399s] INFO:colcon.colcon_core.shell:Creating package script '/home/gus/robotica/install/robotics_class/share/robotics_class/package.bash'
[0.400s] INFO:colcon.colcon_core.shell:Creating package script '/home/gus/robotica/install/robotics_class/share/robotics_class/package.zsh'
[0.401s] Level 1:colcon.colcon_core.environment:create_file_with_runtime_dependencies(/home/gus/robotica/install/robotics_class/share/colcon-core/packages/robotics_class)
[0.401s] Level 1:colcon.colcon_core.environment:create_environment_scripts_only(robotics_class)
[0.401s] Level 1:colcon.colcon_core.environment:checking '/home/gus/robotica/install/robotics_class' for CMake module files
[0.402s] Level 1:colcon.colcon_core.environment:checking '/home/gus/robotica/install/robotics_class' for CMake config files
[0.403s] Level 1:colcon.colcon_core.shell:create_environment_hook('robotics_class', 'cmake_prefix_path')
[0.403s] INFO:colcon.colcon_core.shell:Creating environment hook '/home/gus/robotica/install/robotics_class/share/robotics_class/hook/cmake_prefix_path.ps1'
[0.403s] INFO:colcon.colcon_core.shell:Creating environment descriptor '/home/gus/robotica/install/robotics_class/share/robotics_class/hook/cmake_prefix_path.dsv'
[0.404s] INFO:colcon.colcon_core.shell:Creating environment hook '/home/gus/robotica/install/robotics_class/share/robotics_class/hook/cmake_prefix_path.sh'
[0.404s] Level 1:colcon.colcon_core.environment:checking '/home/gus/robotica/install/robotics_class/bin'
[0.404s] Level 1:colcon.colcon_core.environment:checking '/home/gus/robotica/install/robotics_class/lib/pkgconfig/robotics_class.pc'
[0.404s] Level 1:colcon.colcon_core.environment:checking '/home/gus/robotica/install/robotics_class/lib/python3.10/site-packages'
[0.405s] Level 1:colcon.colcon_core.environment:checking '/home/gus/robotica/install/robotics_class/bin'
[0.405s] INFO:colcon.colcon_core.shell:Creating package script '/home/gus/robotica/install/robotics_class/share/robotics_class/package.ps1'
[0.405s] INFO:colcon.colcon_core.shell:Creating package descriptor '/home/gus/robotica/install/robotics_class/share/robotics_class/package.dsv'
[0.406s] INFO:colcon.colcon_core.shell:Creating package script '/home/gus/robotica/install/robotics_class/share/robotics_class/package.sh'
[0.406s] INFO:colcon.colcon_core.shell:Creating package script '/home/gus/robotica/install/robotics_class/share/robotics_class/package.bash'
[0.406s] INFO:colcon.colcon_core.shell:Creating package script '/home/gus/robotica/install/robotics_class/share/robotics_class/package.zsh'
[0.407s] Level 1:colcon.colcon_core.environment:create_file_with_runtime_dependencies(/home/gus/robotica/install/robotics_class/share/colcon-core/packages/robotics_class)
[0.407s] DEBUG:colcon.colcon_parallel_executor.executor.parallel:closing loop
[0.407s] DEBUG:colcon.colcon_parallel_executor.executor.parallel:loop closed
[0.407s] DEBUG:colcon.colcon_parallel_executor.executor.parallel:run_until_complete finished with '0'
[0.407s] DEBUG:colcon.colcon_core.event_reactor:joining thread
[0.411s] INFO:colcon.colcon_core.plugin_system:Skipping extension 'colcon_notification.desktop_notification.terminal_notifier': Not used on non-Darwin systems
[0.411s] INFO:colcon.colcon_core.plugin_system:Skipping extension 'colcon_notification.desktop_notification.win32': Not used on non-Windows systems
[0.411s] INFO:colcon.colcon_notification.desktop_notification:Sending desktop notification using 'notify2'
[0.420s] DEBUG:colcon.colcon_core.event_reactor:joined thread
[0.421s] INFO:colcon.colcon_core.shell:Creating prefix script '/home/gus/robotica/install/local_setup.ps1'
[0.422s] INFO:colcon.colcon_core.shell:Creating prefix util module '/home/gus/robotica/install/_local_setup_util_ps1.py'
[0.423s] INFO:colcon.colcon_core.shell:Creating prefix chain script '/home/gus/robotica/install/setup.ps1'
[0.424s] INFO:colcon.colcon_core.shell:Creating prefix script '/home/gus/robotica/install/local_setup.sh'
[0.425s] INFO:colcon.colcon_core.shell:Creating prefix util module '/home/gus/robotica/install/_local_setup_util_sh.py'
[0.426s] INFO:colcon.colcon_core.shell:Creating prefix chain script '/home/gus/robotica/install/setup.sh'
[0.427s] INFO:colcon.colcon_core.shell:Creating prefix script '/home/gus/robotica/install/local_setup.bash'
[0.427s] INFO:colcon.colcon_core.shell:Creating prefix chain script '/home/gus/robotica/install/setup.bash'
[0.428s] INFO:colcon.colcon_core.shell:Creating prefix script '/home/gus/robotica/install/local_setup.zsh'
[0.428s] INFO:colcon.colcon_core.shell:Creating prefix chain script '/home/gus/robotica/install/setup.zsh'
